<?xml version="1.0" encoding="UTF-8"?>
<testsuites name="jest tests" tests="1" failures="1" errors="0" time="0.352">
  <testsuite name="src/components/Header/tests/header.test.js" errors="0" failures="1" skipped="0" timestamp="2024-04-02T21:51:39" time="0.318" tests="1">
    <testcase classname="Header-should have a logo" name="Header-should have a logo" time="0.016">
      <failure>TestingLibraryElementError: Unable to find an element with the alt text: logo

Ignored nodes: comments, script, style
&lt;body&gt;
  &lt;div /&gt;
&lt;/body&gt;
    at Object.getElementError (/Users/josesmiller/Documents/Code/Learning/ReactFundamentalsTemplate/node_modules/@testing-library/dom/dist/config.js:37:19)
    at /Users/josesmiller/Documents/Code/Learning/ReactFundamentalsTemplate/node_modules/@testing-library/dom/dist/query-helpers.js:76:38
    at /Users/josesmiller/Documents/Code/Learning/ReactFundamentalsTemplate/node_modules/@testing-library/dom/dist/query-helpers.js:52:17
    at getByAltText (/Users/josesmiller/Documents/Code/Learning/ReactFundamentalsTemplate/node_modules/@testing-library/dom/dist/query-helpers.js:95:19)
    at Object.&lt;anonymous&gt; (/Users/josesmiller/Documents/Code/Learning/ReactFundamentalsTemplate/src/components/Header/tests/header.test.js:14:31)
    at Promise.then.completed (/Users/josesmiller/Documents/Code/Learning/ReactFundamentalsTemplate/node_modules/jest-circus/build/utils.js:391:28)
    at new Promise (&lt;anonymous&gt;)
    at callAsyncCircusFn (/Users/josesmiller/Documents/Code/Learning/ReactFundamentalsTemplate/node_modules/jest-circus/build/utils.js:316:10)
    at _callCircusTest (/Users/josesmiller/Documents/Code/Learning/ReactFundamentalsTemplate/node_modules/jest-circus/build/run.js:218:40)
    at processTicksAndRejections (node:internal/process/task_queues:95:5)
    at _runTest (/Users/josesmiller/Documents/Code/Learning/ReactFundamentalsTemplate/node_modules/jest-circus/build/run.js:155:3)
    at _runTestsForDescribeBlock (/Users/josesmiller/Documents/Code/Learning/ReactFundamentalsTemplate/node_modules/jest-circus/build/run.js:66:9)
    at _runTestsForDescribeBlock (/Users/josesmiller/Documents/Code/Learning/ReactFundamentalsTemplate/node_modules/jest-circus/build/run.js:60:9)
    at run (/Users/josesmiller/Documents/Code/Learning/ReactFundamentalsTemplate/node_modules/jest-circus/build/run.js:25:3)
    at runAndTransformResultsToJestFormat (/Users/josesmiller/Documents/Code/Learning/ReactFundamentalsTemplate/node_modules/jest-circus/build/legacy-code-todo-rewrite/jestAdapterInit.js:170:21)
    at jestAdapter (/Users/josesmiller/Documents/Code/Learning/ReactFundamentalsTemplate/node_modules/jest-circus/build/legacy-code-todo-rewrite/jestAdapter.js:82:19)
    at runTestInternal (/Users/josesmiller/Documents/Code/Learning/ReactFundamentalsTemplate/node_modules/jest-runner/build/runTest.js:389:16)
    at runTest (/Users/josesmiller/Documents/Code/Learning/ReactFundamentalsTemplate/node_modules/jest-runner/build/runTest.js:475:34)
    at TestRunner.runTests (/Users/josesmiller/Documents/Code/Learning/ReactFundamentalsTemplate/node_modules/jest-runner/build/index.js:101:12)
    at TestScheduler.scheduleTests (/Users/josesmiller/Documents/Code/Learning/ReactFundamentalsTemplate/node_modules/@jest/core/build/TestScheduler.js:333:13)
    at runJest (/Users/josesmiller/Documents/Code/Learning/ReactFundamentalsTemplate/node_modules/@jest/core/build/runJest.js:404:19)</failure>
    </testcase>
  </testsuite>
</testsuites>